Using 16bit Automatic Mixed Precision (AMP)
GPU available: True (cuda), used: True
TPU available: False, using: 0 TPU cores
💡 Tip: For seamless cloud logging and experiment tracking, try installing [litlogger](https://pypi.org/project/litlogger/) to enable LitLogger, which logs metrics and artifacts automatically to the Lightning Experiments platform.
💡 Tip: For seamless cloud uploads and versioning, try installing [litmodels](https://pypi.org/project/litmodels/) to enable LitModelCheckpoint, which syncs automatically with the Lightning model registry.
You are using a CUDA device ('NVIDIA RTX A5000') that has Tensor Cores. To properly utilize them, you should set `torch.set_float32_matmul_precision('medium' | 'high')` which will trade-off precision for performance. For more details, read https://pytorch.org/docs/stable/generated/torch.set_float32_matmul_precision.html#torch.set_float32_matmul_precision
LOCAL_RANK: 0 - CUDA_VISIBLE_DEVICES: [0,1]
/home/vova/code/other/playing_with_autoresearch/.venv/lib/python3.10/site-packages/lightning/pytorch/utilities/model_summary/model_summary.py:242: Precision 16-mixed is not supported by the model summary.  Estimated model size in MB will not be accurate. Using 32 bits instead.
┏━━━┳━━━━━━━━┳━━━━━━━━━━━━━━━━━┳━━━━━━━━┳━━━━━━━┳━━━━━━━┓
┃   ┃ Name   ┃ Type            ┃ Params ┃ Mode  ┃ FLOPs ┃
┡━━━╇━━━━━━━━╇━━━━━━━━━━━━━━━━━╇━━━━━━━━╇━━━━━━━╇━━━━━━━┩
│ 0 │ _model │ OptimizedModule │  1.9 M │ train │     0 │
└───┴────────┴─────────────────┴────────┴───────┴───────┘
Trainable params: 1.9 M                                                         
Non-trainable params: 0                                                         
Total params: 1.9 M                                                             
Total estimated model params size (MB): 7                                       
Modules in train mode: 44                                                       
Modules in eval mode: 0                                                         
Total FLOPs: 0                                                                  
W0504 13:41:30.836000 3765449 .venv/lib/python3.10/site-packages/torch/_inductor/utils.py:1613] [0/0] Not enough SMs to use max_autotune_gemm mode
Time limit reached. Elapsed time is 0:05:00. Signaling Trainer to stop.
Epoch 60/9999 ━━━╸             6/25 0:00:01 • 0:00:03 7.76it/s v_num: 249.000   
                                                               train/cross_entr…
                                                               1.118            
                                                               train/percent_co…
                                                               71.533           
LOCAL_RANK: 0 - CUDA_VISIBLE_DEVICES: [0,1]
┏━━━━━━━━━━━━━━━━━━━━━━━━━━━┳━━━━━━━━━━━━━━━━━━━━━━━━━━━┓
┃        Test metric        ┃       DataLoader 0        ┃
┡━━━━━━━━━━━━━━━━━━━━━━━━━━━╇━━━━━━━━━━━━━━━━━━━━━━━━━━━┩
│  test/cross_entropy_loss  │    2.2833075523376465     │
│   test/percent_correct    │     47.36000061035156     │
└───────────────────────────┴───────────────────────────┘
Testing ━━━━━━━━━━━━━━━━━━━━━━━━━━━━━━━━━━━━━━━ 5/5 0:00:04 • 0:00:00 7.83it/s 
percent_correct: 47.3600
peak_vram_mb: 4867.9

Ternary weight counts:
  -1.0: 829551
  +0.0: 184996
  +1.0: 834557
Ternary bias counts:
  -1.0: 803
  +0.0: 118
  +1.0: 795
Non-ternary weights: 0
Non-ternary biases: 0
